// Jest Snapshot v1, https://goo.gl/fbAQLP

exports[`Test in <CounterApp/> Should be must match the snapshot  1`] = `
<div>
  <h1>
    CounterApp
  </h1>
  <h2>
    10
  </h2>
  <button
    id="btn-add"
  >
     +1 
  </button>
  <button>
     -1 
  </button>
  <button
    aria-label="btn-reset"
  >
     Reset 
  </button>
</div>
`;
