// Jest Snapshot v1, https://goo.gl/fbAQLP

exports[`Tests in <FirstApp /> Should be must match the snapshot 1`] = `
<div>
  <h1
    data-testid="test-title"
  >
     
    Hi, I am Antonio
     
  </h1>
  <p />
  <p />
  <p />
</div>
`;
